..F                                                                      [100%]
=================================== FAILURES ===================================
_ test_fused_tree_sampler_matches_inverse_cdf_paths[tree_verify_ancestral_fused_scan] _

function = <function tree_verify_ancestral_fused_scan at 0x7fd0cdbd3060>

    @pytest.mark.skipif(not torch.cuda.is_available(), reason="CUDA extension test")
    @pytest.mark.parametrize("function", [tree_verify_ancestral_fused,
                                          tree_verify_ancestral_fused_parallel,
                                          tree_verify_ancestral_fused_scan])
    def test_fused_tree_sampler_matches_inverse_cdf_paths(function):
        parents = [-1, 0, 0, 1]
        tokens = [0, 1, 2]
        p = torch.tensor(
            [[0.2, 0.3, 0.5], [0.4, 0.1, 0.5],
             [0.3, 0.6, 0.1], [0.7, 0.2, 0.1]],
            dtype=torch.float64, device="cuda",
        )
        for seed in range(32):
            first = torch.Generator(device="cuda").manual_seed(seed)
            second = torch.Generator(device="cuda").manual_seed(seed)
            uniforms = torch.rand(4, dtype=torch.float64, device="cuda", generator=first)
            expected_nodes, node = [], 0
            children = {(parent, tokens[index - 1]): index
                        for index, parent in enumerate(parents[1:], 1)}
            expected_bonus = None
            for uniform in uniforms.cpu().tolist():
                row = p[node].cpu()
                expected_bonus = int(torch.searchsorted(row.cumsum(0), uniform))
                child = children.get((node, expected_bonus))
                if child is None:
                    break
                expected_nodes.append(child)
                node = child
>           result = function(parents, tokens, p, second, validate=True)
                     ^^^^^^^^^^^^^^^^^^^^^^^^^^^^^^^^^^^^^^^^^^^^^^^^^^^

tests/gbv_paper/test_terminal_mass.py:47: 
_ _ _ _ _ _ _ _ _ _ _ _ _ _ _ _ _ _ _ _ _ _ _ _ _ _ _ _ _ _ _ _ _ _ _ _ _ _ _ _ 

parents = [-1, 0, 0, 1], tokens = [0, 1, 2]
all_p = tensor([[0.2000, 0.3000, 0.5000],
        [0.4000, 0.1000, 0.5000],
        [0.3000, 0.6000, 0.1000],
        [0.7000, 0.2000, 0.1000]], device='cuda:0', dtype=torch.float64)
generator = <torch._C.Generator object at 0x7fd0cdbe8850>, validate = True

    def tree_verify_ancestral_fused_scan(parents, tokens, all_p, generator=None,
                                          validate: bool = True):
        """Traverse DDTree with one persistent block and a parallel CUB row scan."""
        parents, tokens, max_depth = _topology(parents, tokens)
        node_count = len(parents)
        if (not all_p.is_cuda or all_p.ndim != 2 or all_p.shape[0] != node_count
                or all_p.shape[1] < 1 or not all_p.is_floating_point()):
            raise ValueError("Scan-fused DDTree probability tensor mismatch")
        if any(token < 0 or token >= all_p.shape[1] for token in tokens):
            raise ValueError("Tree token is outside the Target vocabulary")
        if validate:
            valid = (torch.isfinite(all_p).all() & (all_p >= 0).all()
                     & (all_p.sum(-1) > 0).all())
            if not bool(valid):
                raise FloatingPointError("Invalid Target probabilities for scan-fused DDTree")
    
        device = all_p.device
        edge_parents = torch.tensor(parents[1:], dtype=torch.long, device=device)
        edge_tokens = torch.tensor(tokens, dtype=torch.long, device=device)
        uniforms = torch.rand(
            max_depth + 1, dtype=torch.float64, device=device, generator=generator
        )
>       packed = load_fused_tree_sampler().fused_tree_sample_scan_cuda(
            all_p.contiguous(), edge_parents, edge_tokens, uniforms, max_depth
        ).tolist()
E       torch.AcceleratorError: CUDA error: too many resources requested for launch
E       CUDA kernel errors might be asynchronously reported at some other API call, so the stacktrace below might be incorrect.
E       For debugging consider passing CUDA_LAUNCH_BLOCKING=1
E       Compile with `TORCH_USE_CUDA_DSA` to enable device-side assertions.

src/gbv_experiments/fused_tree_sampling.py:644: AcceleratorError
=========================== short test summary info ============================
FAILED tests/gbv_paper/test_terminal_mass.py::test_fused_tree_sampler_matches_inverse_cdf_paths[tree_verify_ancestral_fused_scan]
