W0909 23:16:54.062000 7219 site-packages/torch/utils/cpp_extension.py:2425] TORCH_CUDA_ARCH_LIST is not set, all archs for visible cards are included for compilation. 
W0909 23:16:54.062000 7219 site-packages/torch/utils/cpp_extension.py:2425] If this is not desired, please set os.environ['TORCH_CUDA_ARCH_LIST'] to specific architectures.
`torch_dtype` is deprecated! Use `dtype` instead!
Loading checkpoint shards:   0%|          | 0/3 [00:00<?, ?it/s]Loading checkpoint shards: 100%|██████████| 3/3 [00:00<00:00, 93.04it/s]
`torch_dtype` is deprecated! Use `dtype` instead!
same-tree state=1/12 repeat=1/7 method=fused_scan ms=0.619309
same-tree state=1/12 repeat=1/7 method=ddtree ms=1.319817
same-tree state=1/12 repeat=2/7 method=fused_scan ms=0.616393
same-tree state=1/12 repeat=2/7 method=ddtree ms=1.328146
same-tree state=1/12 repeat=3/7 method=ddtree ms=1.318798
same-tree state=1/12 repeat=3/7 method=fused_scan ms=0.617329
same-tree state=1/12 repeat=4/7 method=fused_scan ms=0.614674
same-tree state=1/12 repeat=4/7 method=ddtree ms=1.319658
same-tree state=1/12 repeat=5/7 method=fused_scan ms=0.615658
same-tree state=1/12 repeat=5/7 method=ddtree ms=1.350612
same-tree state=1/12 repeat=6/7 method=fused_scan ms=0.617169
same-tree state=1/12 repeat=6/7 method=ddtree ms=1.320613
same-tree state=1/12 repeat=7/7 method=ddtree ms=1.318748
same-tree state=1/12 repeat=7/7 method=fused_scan ms=0.616789
same-tree state=2/12 repeat=1/7 method=ddtree ms=1.318096
same-tree state=2/12 repeat=1/7 method=fused_scan ms=0.498790
same-tree state=2/12 repeat=2/7 method=ddtree ms=1.351420
same-tree state=2/12 repeat=2/7 method=fused_scan ms=0.497081
same-tree state=2/12 repeat=3/7 method=fused_scan ms=0.495667
same-tree state=2/12 repeat=3/7 method=ddtree ms=1.319163
same-tree state=2/12 repeat=4/7 method=fused_scan ms=0.497018
same-tree state=2/12 repeat=4/7 method=ddtree ms=1.318635
same-tree state=2/12 repeat=5/7 method=fused_scan ms=0.496809
same-tree state=2/12 repeat=5/7 method=ddtree ms=1.336192
same-tree state=2/12 repeat=6/7 method=ddtree ms=1.318347
same-tree state=2/12 repeat=6/7 method=fused_scan ms=0.497434
same-tree state=2/12 repeat=7/7 method=fused_scan ms=0.496182
same-tree state=2/12 repeat=7/7 method=ddtree ms=1.318288
same-tree state=3/12 repeat=1/7 method=fused_scan ms=0.315423
same-tree state=3/12 repeat=1/7 method=ddtree ms=1.318272
same-tree state=3/12 repeat=2/7 method=fused_scan ms=0.316233
same-tree state=3/12 repeat=2/7 method=ddtree ms=1.343696
same-tree state=3/12 repeat=3/7 method=fused_scan ms=0.316193
same-tree state=3/12 repeat=3/7 method=ddtree ms=1.320546
same-tree state=3/12 repeat=4/7 method=ddtree ms=1.317555
same-tree state=3/12 repeat=4/7 method=fused_scan ms=0.315028
same-tree state=3/12 repeat=5/7 method=fused_scan ms=0.314000
same-tree state=3/12 repeat=5/7 method=ddtree ms=1.319884
same-tree state=3/12 repeat=6/7 method=fused_scan ms=0.312827
same-tree state=3/12 repeat=6/7 method=ddtree ms=1.329508
same-tree state=3/12 repeat=7/7 method=fused_scan ms=0.316630
same-tree state=3/12 repeat=7/7 method=ddtree ms=1.318998
same-tree state=4/12 repeat=1/7 method=ddtree ms=1.318833
same-tree state=4/12 repeat=1/7 method=fused_scan ms=0.364889
same-tree state=4/12 repeat=2/7 method=ddtree ms=1.320097
same-tree state=4/12 repeat=2/7 method=fused_scan ms=0.367643
same-tree state=4/12 repeat=3/7 method=fused_scan ms=0.365166
same-tree state=4/12 repeat=3/7 method=ddtree ms=1.318758
same-tree state=4/12 repeat=4/7 method=ddtree ms=1.318191
same-tree state=4/12 repeat=4/7 method=fused_scan ms=0.364857
same-tree state=4/12 repeat=5/7 method=fused_scan ms=0.363824
same-tree state=4/12 repeat=5/7 method=ddtree ms=1.318631
same-tree state=4/12 repeat=6/7 method=fused_scan ms=0.364799
same-tree state=4/12 repeat=6/7 method=ddtree ms=1.318307
same-tree state=4/12 repeat=7/7 method=ddtree ms=1.317438
same-tree state=4/12 repeat=7/7 method=fused_scan ms=0.361943
same-tree state=5/12 repeat=1/7 method=ddtree ms=1.319953
same-tree state=5/12 repeat=1/7 method=fused_scan ms=1.254662
same-tree state=5/12 repeat=2/7 method=ddtree ms=1.321426
same-tree state=5/12 repeat=2/7 method=fused_scan ms=1.262372
same-tree state=5/12 repeat=3/7 method=ddtree ms=1.320238
same-tree state=5/12 repeat=3/7 method=fused_scan ms=1.261821
same-tree state=5/12 repeat=4/7 method=fused_scan ms=1.254057
same-tree state=5/12 repeat=4/7 method=ddtree ms=1.320665
same-tree state=5/12 repeat=5/7 method=ddtree ms=1.319482
same-tree state=5/12 repeat=5/7 method=fused_scan ms=1.254791
same-tree state=5/12 repeat=6/7 method=ddtree ms=1.320267
same-tree state=5/12 repeat=6/7 method=fused_scan ms=1.261917
same-tree state=5/12 repeat=7/7 method=ddtree ms=1.323663
same-tree state=5/12 repeat=7/7 method=fused_scan ms=1.261051
same-tree state=6/12 repeat=1/7 method=ddtree ms=1.318546
same-tree state=6/12 repeat=1/7 method=fused_scan ms=0.598513
same-tree state=6/12 repeat=2/7 method=ddtree ms=1.321621
same-tree state=6/12 repeat=2/7 method=fused_scan ms=0.621666
same-tree state=6/12 repeat=3/7 method=fused_scan ms=0.646772
same-tree state=6/12 repeat=3/7 method=ddtree ms=1.318986
same-tree state=6/12 repeat=4/7 method=fused_scan ms=0.661235
same-tree state=6/12 repeat=4/7 method=ddtree ms=1.323102
same-tree state=6/12 repeat=5/7 method=ddtree ms=1.318395
same-tree state=6/12 repeat=5/7 method=fused_scan ms=0.625934
same-tree state=6/12 repeat=6/7 method=ddtree ms=1.319157
same-tree state=6/12 repeat=6/7 method=fused_scan ms=0.625160
same-tree state=6/12 repeat=7/7 method=fused_scan ms=0.623004
same-tree state=6/12 repeat=7/7 method=ddtree ms=1.318690
same-tree state=7/12 repeat=1/7 method=fused_scan ms=1.065876
same-tree state=7/12 repeat=1/7 method=ddtree ms=1.322500
same-tree state=7/12 repeat=2/7 method=ddtree ms=1.319442
same-tree state=7/12 repeat=2/7 method=fused_scan ms=1.109946
same-tree state=7/12 repeat=3/7 method=fused_scan ms=1.117364
same-tree state=7/12 repeat=3/7 method=ddtree ms=1.320849
same-tree state=7/12 repeat=4/7 method=fused_scan ms=1.064545
same-tree state=7/12 repeat=4/7 method=ddtree ms=1.332147
same-tree state=7/12 repeat=5/7 method=fused_scan ms=1.092860
same-tree state=7/12 repeat=5/7 method=ddtree ms=1.321124
same-tree state=7/12 repeat=6/7 method=fused_scan ms=1.080297
same-tree state=7/12 repeat=6/7 method=ddtree ms=1.320439
same-tree state=7/12 repeat=7/7 method=ddtree ms=1.320822
same-tree state=7/12 repeat=7/7 method=fused_scan ms=1.100748
same-tree state=8/12 repeat=1/7 method=fused_scan ms=1.006402
same-tree state=8/12 repeat=1/7 method=ddtree ms=1.320907
same-tree state=8/12 repeat=2/7 method=fused_scan ms=1.005019
same-tree state=8/12 repeat=2/7 method=ddtree ms=1.321135
same-tree state=8/12 repeat=3/7 method=ddtree ms=1.320941
same-tree state=8/12 repeat=3/7 method=fused_scan ms=1.005801
same-tree state=8/12 repeat=4/7 method=ddtree ms=1.319965
same-tree state=8/12 repeat=4/7 method=fused_scan ms=1.007285
same-tree state=8/12 repeat=5/7 method=fused_scan ms=1.017108
same-tree state=8/12 repeat=5/7 method=ddtree ms=1.321952
same-tree state=8/12 repeat=6/7 method=ddtree ms=1.321723
same-tree state=8/12 repeat=6/7 method=fused_scan ms=1.005057
same-tree state=8/12 repeat=7/7 method=ddtree ms=1.323058
same-tree state=8/12 repeat=7/7 method=fused_scan ms=1.004672
same-tree state=9/12 repeat=1/7 method=fused_scan ms=0.612840
same-tree state=9/12 repeat=1/7 method=ddtree ms=1.337851
same-tree state=9/12 repeat=2/7 method=fused_scan ms=0.621243
same-tree state=9/12 repeat=2/7 method=ddtree ms=1.320210
same-tree state=9/12 repeat=3/7 method=fused_scan ms=0.613594
same-tree state=9/12 repeat=3/7 method=ddtree ms=1.320389
same-tree state=9/12 repeat=4/7 method=ddtree ms=1.318210
same-tree state=9/12 repeat=4/7 method=fused_scan ms=0.619166
same-tree state=9/12 repeat=5/7 method=fused_scan ms=0.610221
same-tree state=9/12 repeat=5/7 method=ddtree ms=1.319611
same-tree state=9/12 repeat=6/7 method=fused_scan ms=0.627443
same-tree state=9/12 repeat=6/7 method=ddtree ms=1.321673
same-tree state=9/12 repeat=7/7 method=fused_scan ms=0.603613
same-tree state=9/12 repeat=7/7 method=ddtree ms=1.320003
same-tree state=10/12 repeat=1/7 method=fused_scan ms=0.547192
same-tree state=10/12 repeat=1/7 method=ddtree ms=1.319855
same-tree state=10/12 repeat=2/7 method=ddtree ms=1.319062
same-tree state=10/12 repeat=2/7 method=fused_scan ms=0.543196
same-tree state=10/12 repeat=3/7 method=ddtree ms=1.319927
same-tree state=10/12 repeat=3/7 method=fused_scan ms=0.540364
same-tree state=10/12 repeat=4/7 method=ddtree ms=1.319742
same-tree state=10/12 repeat=4/7 method=fused_scan ms=0.558013
same-tree state=10/12 repeat=5/7 method=fused_scan ms=0.554526
same-tree state=10/12 repeat=5/7 method=ddtree ms=1.320493
same-tree state=10/12 repeat=6/7 method=ddtree ms=1.318846
same-tree state=10/12 repeat=6/7 method=fused_scan ms=0.560975
same-tree state=10/12 repeat=7/7 method=ddtree ms=1.319820
same-tree state=10/12 repeat=7/7 method=fused_scan ms=0.551073
same-tree state=11/12 repeat=1/7 method=ddtree ms=1.317360
same-tree state=11/12 repeat=1/7 method=fused_scan ms=0.327422
same-tree state=11/12 repeat=2/7 method=ddtree ms=1.318135
same-tree state=11/12 repeat=2/7 method=fused_scan ms=0.332490
same-tree state=11/12 repeat=3/7 method=ddtree ms=1.318391
same-tree state=11/12 repeat=3/7 method=fused_scan ms=0.324211
same-tree state=11/12 repeat=4/7 method=ddtree ms=1.318290
same-tree state=11/12 repeat=4/7 method=fused_scan ms=0.332438
same-tree state=11/12 repeat=5/7 method=ddtree ms=1.317862
same-tree state=11/12 repeat=5/7 method=fused_scan ms=0.330251
same-tree state=11/12 repeat=6/7 method=fused_scan ms=0.320895
same-tree state=11/12 repeat=6/7 method=ddtree ms=1.318323
same-tree state=11/12 repeat=7/7 method=fused_scan ms=0.324982
same-tree state=11/12 repeat=7/7 method=ddtree ms=1.317520
same-tree state=12/12 repeat=1/7 method=ddtree ms=1.317972
same-tree state=12/12 repeat=1/7 method=fused_scan ms=0.433933
same-tree state=12/12 repeat=2/7 method=ddtree ms=1.318327
same-tree state=12/12 repeat=2/7 method=fused_scan ms=0.443572
same-tree state=12/12 repeat=3/7 method=fused_scan ms=0.443755
same-tree state=12/12 repeat=3/7 method=ddtree ms=1.319077
same-tree state=12/12 repeat=4/7 method=ddtree ms=1.317254
same-tree state=12/12 repeat=4/7 method=fused_scan ms=0.438469
same-tree state=12/12 repeat=5/7 method=ddtree ms=1.318021
same-tree state=12/12 repeat=5/7 method=fused_scan ms=0.437802
same-tree state=12/12 repeat=6/7 method=ddtree ms=1.318070
same-tree state=12/12 repeat=6/7 method=fused_scan ms=0.437223
same-tree state=12/12 repeat=7/7 method=ddtree ms=1.318073
same-tree state=12/12 repeat=7/7 method=fused_scan ms=0.438663
{'metric': 'same_real_tree_ddtree_verifier_speedup', 'speedup': 2.2726874978831653, 'ci95': [1.7698478830366586, 2.902984596859342], 'state_clusters': 12, 'bootstrap_samples': 10000, 'gate_passed': True}
