W0909 23:58:18.738000 9335 site-packages/torch/utils/cpp_extension.py:2425] TORCH_CUDA_ARCH_LIST is not set, all archs for visible cards are included for compilation. 
W0909 23:58:18.738000 9335 site-packages/torch/utils/cpp_extension.py:2425] If this is not desired, please set os.environ['TORCH_CUDA_ARCH_LIST'] to specific architectures.
`torch_dtype` is deprecated! Use `dtype` instead!
Loading checkpoint shards:   0%|          | 0/3 [00:00<?, ?it/s]Loading checkpoint shards: 100%|██████████| 3/3 [00:00<00:00, 90.37it/s]
`torch_dtype` is deprecated! Use `dtype` instead!
same-tree state=1/12 repeat=1/7 method=fused_scan ms=0.539258
same-tree state=1/12 repeat=1/7 method=ddtree ms=1.324088
same-tree state=1/12 repeat=2/7 method=fused_scan ms=0.538915
same-tree state=1/12 repeat=2/7 method=ddtree ms=1.358883
same-tree state=1/12 repeat=3/7 method=ddtree ms=1.326772
same-tree state=1/12 repeat=3/7 method=fused_scan ms=0.544450
same-tree state=1/12 repeat=4/7 method=fused_scan ms=0.540375
same-tree state=1/12 repeat=4/7 method=ddtree ms=1.324204
same-tree state=1/12 repeat=5/7 method=fused_scan ms=0.542608
same-tree state=1/12 repeat=5/7 method=ddtree ms=1.325843
same-tree state=1/12 repeat=6/7 method=fused_scan ms=0.544023
same-tree state=1/12 repeat=6/7 method=ddtree ms=1.325852
same-tree state=1/12 repeat=7/7 method=ddtree ms=1.343516
same-tree state=1/12 repeat=7/7 method=fused_scan ms=0.541553
same-tree state=2/12 repeat=1/7 method=ddtree ms=1.322095
same-tree state=2/12 repeat=1/7 method=fused_scan ms=0.342088
same-tree state=2/12 repeat=2/7 method=ddtree ms=1.322711
same-tree state=2/12 repeat=2/7 method=fused_scan ms=0.342090
same-tree state=2/12 repeat=3/7 method=fused_scan ms=0.340781
same-tree state=2/12 repeat=3/7 method=ddtree ms=1.326678
same-tree state=2/12 repeat=4/7 method=fused_scan ms=0.342378
same-tree state=2/12 repeat=4/7 method=ddtree ms=1.339566
same-tree state=2/12 repeat=5/7 method=fused_scan ms=0.344346
same-tree state=2/12 repeat=5/7 method=ddtree ms=1.323685
same-tree state=2/12 repeat=6/7 method=ddtree ms=1.325014
same-tree state=2/12 repeat=6/7 method=fused_scan ms=0.343934
same-tree state=2/12 repeat=7/7 method=fused_scan ms=0.340830
same-tree state=2/12 repeat=7/7 method=ddtree ms=1.320812
same-tree state=3/12 repeat=1/7 method=fused_scan ms=0.255105
same-tree state=3/12 repeat=1/7 method=ddtree ms=1.325986
same-tree state=3/12 repeat=2/7 method=fused_scan ms=0.256668
same-tree state=3/12 repeat=2/7 method=ddtree ms=1.325148
same-tree state=3/12 repeat=3/7 method=fused_scan ms=0.253785
same-tree state=3/12 repeat=3/7 method=ddtree ms=1.324878
same-tree state=3/12 repeat=4/7 method=ddtree ms=1.324043
same-tree state=3/12 repeat=4/7 method=fused_scan ms=0.252548
same-tree state=3/12 repeat=5/7 method=fused_scan ms=0.253751
same-tree state=3/12 repeat=5/7 method=ddtree ms=1.320624
same-tree state=3/12 repeat=6/7 method=fused_scan ms=0.258565
same-tree state=3/12 repeat=6/7 method=ddtree ms=1.321456
same-tree state=3/12 repeat=7/7 method=fused_scan ms=0.257103
same-tree state=3/12 repeat=7/7 method=ddtree ms=1.323319
same-tree state=4/12 repeat=1/7 method=ddtree ms=1.324458
same-tree state=4/12 repeat=1/7 method=fused_scan ms=0.338018
same-tree state=4/12 repeat=2/7 method=ddtree ms=1.322286
same-tree state=4/12 repeat=2/7 method=fused_scan ms=0.334423
same-tree state=4/12 repeat=3/7 method=fused_scan ms=0.336924
same-tree state=4/12 repeat=3/7 method=ddtree ms=1.325015
same-tree state=4/12 repeat=4/7 method=ddtree ms=1.322913
same-tree state=4/12 repeat=4/7 method=fused_scan ms=0.336297
same-tree state=4/12 repeat=5/7 method=fused_scan ms=0.338757
same-tree state=4/12 repeat=5/7 method=ddtree ms=1.323683
same-tree state=4/12 repeat=6/7 method=fused_scan ms=0.337917
same-tree state=4/12 repeat=6/7 method=ddtree ms=1.321406
same-tree state=4/12 repeat=7/7 method=ddtree ms=1.322604
same-tree state=4/12 repeat=7/7 method=fused_scan ms=0.338839
same-tree state=5/12 repeat=1/7 method=ddtree ms=1.325437
same-tree state=5/12 repeat=1/7 method=fused_scan ms=0.958380
same-tree state=5/12 repeat=2/7 method=ddtree ms=1.324401
same-tree state=5/12 repeat=2/7 method=fused_scan ms=0.938225
same-tree state=5/12 repeat=3/7 method=ddtree ms=1.331825
same-tree state=5/12 repeat=3/7 method=fused_scan ms=0.940532
same-tree state=5/12 repeat=4/7 method=fused_scan ms=0.933106
same-tree state=5/12 repeat=4/7 method=ddtree ms=1.324560
same-tree state=5/12 repeat=5/7 method=ddtree ms=1.342006
same-tree state=5/12 repeat=5/7 method=fused_scan ms=0.936602
same-tree state=5/12 repeat=6/7 method=ddtree ms=1.322634
same-tree state=5/12 repeat=6/7 method=fused_scan ms=0.940629
same-tree state=5/12 repeat=7/7 method=ddtree ms=1.328007
same-tree state=5/12 repeat=7/7 method=fused_scan ms=0.942977
same-tree state=6/12 repeat=1/7 method=ddtree ms=1.326181
same-tree state=6/12 repeat=1/7 method=fused_scan ms=0.469590
same-tree state=6/12 repeat=2/7 method=ddtree ms=1.325642
same-tree state=6/12 repeat=2/7 method=fused_scan ms=0.465931
same-tree state=6/12 repeat=3/7 method=fused_scan ms=0.477567
same-tree state=6/12 repeat=3/7 method=ddtree ms=1.329739
same-tree state=6/12 repeat=4/7 method=fused_scan ms=0.488290
same-tree state=6/12 repeat=4/7 method=ddtree ms=1.327786
same-tree state=6/12 repeat=5/7 method=ddtree ms=1.325524
same-tree state=6/12 repeat=5/7 method=fused_scan ms=0.472369
same-tree state=6/12 repeat=6/7 method=ddtree ms=1.328890
same-tree state=6/12 repeat=6/7 method=fused_scan ms=0.472525
same-tree state=6/12 repeat=7/7 method=fused_scan ms=0.467652
same-tree state=6/12 repeat=7/7 method=ddtree ms=1.327513
same-tree state=7/12 repeat=1/7 method=fused_scan ms=0.815843
same-tree state=7/12 repeat=1/7 method=ddtree ms=1.334809
same-tree state=7/12 repeat=2/7 method=ddtree ms=1.328098
same-tree state=7/12 repeat=2/7 method=fused_scan ms=0.847891
same-tree state=7/12 repeat=3/7 method=fused_scan ms=0.862073
same-tree state=7/12 repeat=3/7 method=ddtree ms=1.330509
same-tree state=7/12 repeat=4/7 method=fused_scan ms=0.814570
same-tree state=7/12 repeat=4/7 method=ddtree ms=1.329051
same-tree state=7/12 repeat=5/7 method=fused_scan ms=0.830947
same-tree state=7/12 repeat=5/7 method=ddtree ms=1.329450
same-tree state=7/12 repeat=6/7 method=fused_scan ms=0.828749
same-tree state=7/12 repeat=6/7 method=ddtree ms=1.328906
same-tree state=7/12 repeat=7/7 method=ddtree ms=1.327982
same-tree state=7/12 repeat=7/7 method=fused_scan ms=0.819466
same-tree state=8/12 repeat=1/7 method=fused_scan ms=0.949489
same-tree state=8/12 repeat=1/7 method=ddtree ms=1.328760
same-tree state=8/12 repeat=2/7 method=fused_scan ms=0.951133
same-tree state=8/12 repeat=2/7 method=ddtree ms=1.328163
same-tree state=8/12 repeat=3/7 method=ddtree ms=1.332214
same-tree state=8/12 repeat=3/7 method=fused_scan ms=0.951504
same-tree state=8/12 repeat=4/7 method=ddtree ms=1.328304
same-tree state=8/12 repeat=4/7 method=fused_scan ms=0.948927
same-tree state=8/12 repeat=5/7 method=fused_scan ms=0.951945
same-tree state=8/12 repeat=5/7 method=ddtree ms=1.328948
same-tree state=8/12 repeat=6/7 method=ddtree ms=1.328001
same-tree state=8/12 repeat=6/7 method=fused_scan ms=0.951238
same-tree state=8/12 repeat=7/7 method=ddtree ms=1.328376
same-tree state=8/12 repeat=7/7 method=fused_scan ms=0.946884
same-tree state=9/12 repeat=1/7 method=fused_scan ms=0.505039
same-tree state=9/12 repeat=1/7 method=ddtree ms=1.322052
same-tree state=9/12 repeat=2/7 method=fused_scan ms=0.506068
same-tree state=9/12 repeat=2/7 method=ddtree ms=1.323210
same-tree state=9/12 repeat=3/7 method=fused_scan ms=0.502305
same-tree state=9/12 repeat=3/7 method=ddtree ms=1.325967
same-tree state=9/12 repeat=4/7 method=ddtree ms=1.323552
same-tree state=9/12 repeat=4/7 method=fused_scan ms=0.508478
same-tree state=9/12 repeat=5/7 method=fused_scan ms=0.503912
same-tree state=9/12 repeat=5/7 method=ddtree ms=1.324056
same-tree state=9/12 repeat=6/7 method=fused_scan ms=0.507668
same-tree state=9/12 repeat=6/7 method=ddtree ms=1.324141
same-tree state=9/12 repeat=7/7 method=fused_scan ms=0.496476
same-tree state=9/12 repeat=7/7 method=ddtree ms=1.324625
same-tree state=10/12 repeat=1/7 method=fused_scan ms=0.399444
same-tree state=10/12 repeat=1/7 method=ddtree ms=1.324311
same-tree state=10/12 repeat=2/7 method=ddtree ms=1.323253
same-tree state=10/12 repeat=2/7 method=fused_scan ms=0.389279
same-tree state=10/12 repeat=3/7 method=ddtree ms=1.324025
same-tree state=10/12 repeat=3/7 method=fused_scan ms=0.390323
same-tree state=10/12 repeat=4/7 method=ddtree ms=1.324138
same-tree state=10/12 repeat=4/7 method=fused_scan ms=0.400665
same-tree state=10/12 repeat=5/7 method=fused_scan ms=0.398864
same-tree state=10/12 repeat=5/7 method=ddtree ms=1.324410
same-tree state=10/12 repeat=6/7 method=ddtree ms=1.323678
same-tree state=10/12 repeat=6/7 method=fused_scan ms=0.405403
same-tree state=10/12 repeat=7/7 method=ddtree ms=1.350869
same-tree state=10/12 repeat=7/7 method=fused_scan ms=0.395754
same-tree state=11/12 repeat=1/7 method=ddtree ms=1.319314
same-tree state=11/12 repeat=1/7 method=fused_scan ms=0.270332
same-tree state=11/12 repeat=2/7 method=ddtree ms=1.319724
same-tree state=11/12 repeat=2/7 method=fused_scan ms=0.273918
same-tree state=11/12 repeat=3/7 method=ddtree ms=1.319195
same-tree state=11/12 repeat=3/7 method=fused_scan ms=0.267126
same-tree state=11/12 repeat=4/7 method=ddtree ms=1.318774
same-tree state=11/12 repeat=4/7 method=fused_scan ms=0.275448
same-tree state=11/12 repeat=5/7 method=ddtree ms=1.320261
same-tree state=11/12 repeat=5/7 method=fused_scan ms=0.273499
same-tree state=11/12 repeat=6/7 method=fused_scan ms=0.266294
same-tree state=11/12 repeat=6/7 method=ddtree ms=1.334881
same-tree state=11/12 repeat=7/7 method=fused_scan ms=0.270400
same-tree state=11/12 repeat=7/7 method=ddtree ms=1.324433
same-tree state=12/12 repeat=1/7 method=ddtree ms=1.323920
same-tree state=12/12 repeat=1/7 method=fused_scan ms=0.298516
same-tree state=12/12 repeat=2/7 method=ddtree ms=1.324486
same-tree state=12/12 repeat=2/7 method=fused_scan ms=0.304749
same-tree state=12/12 repeat=3/7 method=fused_scan ms=0.304806
same-tree state=12/12 repeat=3/7 method=ddtree ms=1.324017
same-tree state=12/12 repeat=4/7 method=ddtree ms=1.323611
same-tree state=12/12 repeat=4/7 method=fused_scan ms=0.300905
same-tree state=12/12 repeat=5/7 method=ddtree ms=1.324327
same-tree state=12/12 repeat=5/7 method=fused_scan ms=0.300897
same-tree state=12/12 repeat=6/7 method=ddtree ms=1.323605
same-tree state=12/12 repeat=6/7 method=fused_scan ms=0.300529
same-tree state=12/12 repeat=7/7 method=ddtree ms=1.326841
same-tree state=12/12 repeat=7/7 method=fused_scan ms=0.302870
{'metric': 'same_real_tree_ddtree_verifier_speedup', 'speedup': 2.8776434587872957, 'ci95': [2.220888289047684, 3.695912798901238], 'state_clusters': 12, 'bootstrap_samples': 10000, 'gate_passed': True}
