W0909 23:53:00.593000 8905 site-packages/torch/utils/cpp_extension.py:2425] TORCH_CUDA_ARCH_LIST is not set, all archs for visible cards are included for compilation. 
W0909 23:53:00.593000 8905 site-packages/torch/utils/cpp_extension.py:2425] If this is not desired, please set os.environ['TORCH_CUDA_ARCH_LIST'] to specific architectures.
`torch_dtype` is deprecated! Use `dtype` instead!
Loading checkpoint shards:   0%|          | 0/3 [00:00<?, ?it/s]Loading checkpoint shards: 100%|██████████| 3/3 [00:00<00:00, 91.73it/s]
`torch_dtype` is deprecated! Use `dtype` instead!
same-tree state=1/12 repeat=1/7 method=fused_scan ms=0.537378
same-tree state=1/12 repeat=1/7 method=ddtree ms=1.323024
same-tree state=1/12 repeat=2/7 method=fused_scan ms=0.539895
same-tree state=1/12 repeat=2/7 method=ddtree ms=1.346485
same-tree state=1/12 repeat=3/7 method=ddtree ms=1.321402
same-tree state=1/12 repeat=3/7 method=fused_scan ms=0.539060
same-tree state=1/12 repeat=4/7 method=fused_scan ms=0.537351
same-tree state=1/12 repeat=4/7 method=ddtree ms=1.322736
same-tree state=1/12 repeat=5/7 method=fused_scan ms=0.538866
same-tree state=1/12 repeat=5/7 method=ddtree ms=1.323011
same-tree state=1/12 repeat=6/7 method=fused_scan ms=0.556290
same-tree state=1/12 repeat=6/7 method=ddtree ms=1.322139
same-tree state=1/12 repeat=7/7 method=ddtree ms=1.322050
same-tree state=1/12 repeat=7/7 method=fused_scan ms=0.539641
same-tree state=2/12 repeat=1/7 method=ddtree ms=1.320937
same-tree state=2/12 repeat=1/7 method=fused_scan ms=0.342607
same-tree state=2/12 repeat=2/7 method=ddtree ms=1.342809
same-tree state=2/12 repeat=2/7 method=fused_scan ms=0.341542
same-tree state=2/12 repeat=3/7 method=fused_scan ms=0.340892
same-tree state=2/12 repeat=3/7 method=ddtree ms=1.321368
same-tree state=2/12 repeat=4/7 method=fused_scan ms=0.341480
same-tree state=2/12 repeat=4/7 method=ddtree ms=1.320779
same-tree state=2/12 repeat=5/7 method=fused_scan ms=0.341121
same-tree state=2/12 repeat=5/7 method=ddtree ms=1.321230
same-tree state=2/12 repeat=6/7 method=ddtree ms=1.341871
same-tree state=2/12 repeat=6/7 method=fused_scan ms=0.341343
same-tree state=2/12 repeat=7/7 method=fused_scan ms=0.340096
same-tree state=2/12 repeat=7/7 method=ddtree ms=1.322047
same-tree state=3/12 repeat=1/7 method=fused_scan ms=0.252598
same-tree state=3/12 repeat=1/7 method=ddtree ms=1.324157
same-tree state=3/12 repeat=2/7 method=fused_scan ms=0.255039
same-tree state=3/12 repeat=2/7 method=ddtree ms=1.321060
same-tree state=3/12 repeat=3/7 method=fused_scan ms=0.253945
same-tree state=3/12 repeat=3/7 method=ddtree ms=1.321030
same-tree state=3/12 repeat=4/7 method=ddtree ms=1.320095
same-tree state=3/12 repeat=4/7 method=fused_scan ms=0.253103
same-tree state=3/12 repeat=5/7 method=fused_scan ms=0.254137
same-tree state=3/12 repeat=5/7 method=ddtree ms=1.321271
same-tree state=3/12 repeat=6/7 method=fused_scan ms=0.256017
same-tree state=3/12 repeat=6/7 method=ddtree ms=1.321140
same-tree state=3/12 repeat=7/7 method=fused_scan ms=0.253516
same-tree state=3/12 repeat=7/7 method=ddtree ms=1.320845
same-tree state=4/12 repeat=1/7 method=ddtree ms=1.321120
same-tree state=4/12 repeat=1/7 method=fused_scan ms=0.335784
same-tree state=4/12 repeat=2/7 method=ddtree ms=1.321104
same-tree state=4/12 repeat=2/7 method=fused_scan ms=0.334696
same-tree state=4/12 repeat=3/7 method=fused_scan ms=0.336287
same-tree state=4/12 repeat=3/7 method=ddtree ms=1.321605
same-tree state=4/12 repeat=4/7 method=ddtree ms=1.320697
same-tree state=4/12 repeat=4/7 method=fused_scan ms=0.336646
same-tree state=4/12 repeat=5/7 method=fused_scan ms=0.335763
same-tree state=4/12 repeat=5/7 method=ddtree ms=1.322354
same-tree state=4/12 repeat=6/7 method=fused_scan ms=0.336594
same-tree state=4/12 repeat=6/7 method=ddtree ms=1.321698
same-tree state=4/12 repeat=7/7 method=ddtree ms=1.338066
same-tree state=4/12 repeat=7/7 method=fused_scan ms=0.335122
same-tree state=5/12 repeat=1/7 method=ddtree ms=1.322745
same-tree state=5/12 repeat=1/7 method=fused_scan ms=0.933917
same-tree state=5/12 repeat=2/7 method=ddtree ms=1.323428
same-tree state=5/12 repeat=2/7 method=fused_scan ms=0.939240
same-tree state=5/12 repeat=3/7 method=ddtree ms=1.332012
same-tree state=5/12 repeat=3/7 method=fused_scan ms=0.938403
same-tree state=5/12 repeat=4/7 method=fused_scan ms=0.931145
same-tree state=5/12 repeat=4/7 method=ddtree ms=1.323694
same-tree state=5/12 repeat=5/7 method=ddtree ms=1.322060
same-tree state=5/12 repeat=5/7 method=fused_scan ms=0.933185
same-tree state=5/12 repeat=6/7 method=ddtree ms=1.334449
same-tree state=5/12 repeat=6/7 method=fused_scan ms=0.938296
same-tree state=5/12 repeat=7/7 method=ddtree ms=1.323667
same-tree state=5/12 repeat=7/7 method=fused_scan ms=0.938185
same-tree state=6/12 repeat=1/7 method=ddtree ms=1.321461
same-tree state=6/12 repeat=1/7 method=fused_scan ms=0.452030
same-tree state=6/12 repeat=2/7 method=ddtree ms=1.321883
same-tree state=6/12 repeat=2/7 method=fused_scan ms=0.472493
same-tree state=6/12 repeat=3/7 method=fused_scan ms=0.478936
same-tree state=6/12 repeat=3/7 method=ddtree ms=1.322869
same-tree state=6/12 repeat=4/7 method=fused_scan ms=0.486262
same-tree state=6/12 repeat=4/7 method=ddtree ms=1.322987
same-tree state=6/12 repeat=5/7 method=ddtree ms=1.321228
same-tree state=6/12 repeat=5/7 method=fused_scan ms=0.466119
same-tree state=6/12 repeat=6/7 method=ddtree ms=1.321874
same-tree state=6/12 repeat=6/7 method=fused_scan ms=0.466290
same-tree state=6/12 repeat=7/7 method=fused_scan ms=0.468499
same-tree state=6/12 repeat=7/7 method=ddtree ms=1.322025
same-tree state=7/12 repeat=1/7 method=fused_scan ms=0.809370
same-tree state=7/12 repeat=1/7 method=ddtree ms=1.324180
same-tree state=7/12 repeat=2/7 method=ddtree ms=1.322787
same-tree state=7/12 repeat=2/7 method=fused_scan ms=0.837650
same-tree state=7/12 repeat=3/7 method=fused_scan ms=0.845156
same-tree state=7/12 repeat=3/7 method=ddtree ms=1.324360
same-tree state=7/12 repeat=4/7 method=fused_scan ms=0.807980
same-tree state=7/12 repeat=4/7 method=ddtree ms=1.323324
same-tree state=7/12 repeat=5/7 method=fused_scan ms=0.825338
same-tree state=7/12 repeat=5/7 method=ddtree ms=1.323943
same-tree state=7/12 repeat=6/7 method=fused_scan ms=0.818596
same-tree state=7/12 repeat=6/7 method=ddtree ms=1.323303
same-tree state=7/12 repeat=7/7 method=ddtree ms=1.324326
same-tree state=7/12 repeat=7/7 method=fused_scan ms=0.810186
same-tree state=8/12 repeat=1/7 method=fused_scan ms=0.944503
same-tree state=8/12 repeat=1/7 method=ddtree ms=1.323295
same-tree state=8/12 repeat=2/7 method=fused_scan ms=0.943724
same-tree state=8/12 repeat=2/7 method=ddtree ms=1.326477
same-tree state=8/12 repeat=3/7 method=ddtree ms=1.347188
same-tree state=8/12 repeat=3/7 method=fused_scan ms=0.945693
same-tree state=8/12 repeat=4/7 method=ddtree ms=1.325417
same-tree state=8/12 repeat=4/7 method=fused_scan ms=0.946519
same-tree state=8/12 repeat=5/7 method=fused_scan ms=0.944638
same-tree state=8/12 repeat=5/7 method=ddtree ms=1.325973
same-tree state=8/12 repeat=6/7 method=ddtree ms=1.325534
same-tree state=8/12 repeat=6/7 method=fused_scan ms=0.955417
same-tree state=8/12 repeat=7/7 method=ddtree ms=1.326424
same-tree state=8/12 repeat=7/7 method=fused_scan ms=0.946495
same-tree state=9/12 repeat=1/7 method=fused_scan ms=0.501809
same-tree state=9/12 repeat=1/7 method=ddtree ms=1.324092
same-tree state=9/12 repeat=2/7 method=fused_scan ms=0.505667
same-tree state=9/12 repeat=2/7 method=ddtree ms=1.323969
same-tree state=9/12 repeat=3/7 method=fused_scan ms=0.501674
same-tree state=9/12 repeat=3/7 method=ddtree ms=1.334206
same-tree state=9/12 repeat=4/7 method=ddtree ms=1.324574
same-tree state=9/12 repeat=4/7 method=fused_scan ms=0.506302
same-tree state=9/12 repeat=5/7 method=fused_scan ms=0.500082
same-tree state=9/12 repeat=5/7 method=ddtree ms=1.322208
same-tree state=9/12 repeat=6/7 method=fused_scan ms=0.506866
same-tree state=9/12 repeat=6/7 method=ddtree ms=1.320884
same-tree state=9/12 repeat=7/7 method=fused_scan ms=0.493731
same-tree state=9/12 repeat=7/7 method=ddtree ms=1.326517
same-tree state=10/12 repeat=1/7 method=fused_scan ms=0.394571
same-tree state=10/12 repeat=1/7 method=ddtree ms=1.328197
same-tree state=10/12 repeat=2/7 method=ddtree ms=1.319737
same-tree state=10/12 repeat=2/7 method=fused_scan ms=0.388518
same-tree state=10/12 repeat=3/7 method=ddtree ms=1.320827
same-tree state=10/12 repeat=3/7 method=fused_scan ms=0.387548
same-tree state=10/12 repeat=4/7 method=ddtree ms=1.320822
same-tree state=10/12 repeat=4/7 method=fused_scan ms=0.397255
same-tree state=10/12 repeat=5/7 method=fused_scan ms=0.396055
same-tree state=10/12 repeat=5/7 method=ddtree ms=1.321132
same-tree state=10/12 repeat=6/7 method=ddtree ms=1.320021
same-tree state=10/12 repeat=6/7 method=fused_scan ms=0.403042
same-tree state=10/12 repeat=7/7 method=ddtree ms=1.322544
same-tree state=10/12 repeat=7/7 method=fused_scan ms=0.394715
same-tree state=11/12 repeat=1/7 method=ddtree ms=1.319719
same-tree state=11/12 repeat=1/7 method=fused_scan ms=0.270464
same-tree state=11/12 repeat=2/7 method=ddtree ms=1.319813
same-tree state=11/12 repeat=2/7 method=fused_scan ms=0.273067
same-tree state=11/12 repeat=3/7 method=ddtree ms=1.319720
same-tree state=11/12 repeat=3/7 method=fused_scan ms=0.266433
same-tree state=11/12 repeat=4/7 method=ddtree ms=1.320421
same-tree state=11/12 repeat=4/7 method=fused_scan ms=0.274765
same-tree state=11/12 repeat=5/7 method=ddtree ms=1.320099
same-tree state=11/12 repeat=5/7 method=fused_scan ms=0.274502
same-tree state=11/12 repeat=6/7 method=fused_scan ms=0.265763
same-tree state=11/12 repeat=6/7 method=ddtree ms=1.321445
same-tree state=11/12 repeat=7/7 method=fused_scan ms=0.268469
same-tree state=11/12 repeat=7/7 method=ddtree ms=1.320028
same-tree state=12/12 repeat=1/7 method=ddtree ms=1.320308
same-tree state=12/12 repeat=1/7 method=fused_scan ms=0.295871
same-tree state=12/12 repeat=2/7 method=ddtree ms=1.320618
same-tree state=12/12 repeat=2/7 method=fused_scan ms=0.302627
same-tree state=12/12 repeat=3/7 method=fused_scan ms=0.302671
same-tree state=12/12 repeat=3/7 method=ddtree ms=1.320280
same-tree state=12/12 repeat=4/7 method=ddtree ms=1.320906
same-tree state=12/12 repeat=4/7 method=fused_scan ms=0.298148
same-tree state=12/12 repeat=5/7 method=ddtree ms=1.321861
same-tree state=12/12 repeat=5/7 method=fused_scan ms=0.298960
same-tree state=12/12 repeat=6/7 method=ddtree ms=1.320405
same-tree state=12/12 repeat=6/7 method=fused_scan ms=0.298441
same-tree state=12/12 repeat=7/7 method=ddtree ms=1.320421
same-tree state=12/12 repeat=7/7 method=fused_scan ms=0.299209
{'metric': 'same_real_tree_ddtree_verifier_speedup', 'speedup': 2.886712806803709, 'ci95': [2.2293884474839416, 3.7057009166639254], 'state_clusters': 12, 'bootstrap_samples': 10000, 'gate_passed': True}
