`torch_dtype` is deprecated! Use `dtype` instead!
Loading checkpoint shards:   0%|          | 0/3 [00:00<?, ?it/s]Loading checkpoint shards: 100%|██████████| 3/3 [00:00<00:00, 90.85it/s]
`torch_dtype` is deprecated! Use `dtype` instead!
W0909 23:59:32.202000 9430 site-packages/torch/utils/cpp_extension.py:2425] TORCH_CUDA_ARCH_LIST is not set, all archs for visible cards are included for compilation. 
W0909 23:59:32.202000 9430 site-packages/torch/utils/cpp_extension.py:2425] If this is not desired, please set os.environ['TORCH_CUDA_ARCH_LIST'] to specific architectures.
official-pilot group=1/168 dataset=gsm8k source=264 seed=17
official-pilot group=2/168 dataset=gsm8k source=725 seed=17
official-pilot group=3/168 dataset=gsm8k source=996 seed=17
official-pilot group=4/168 dataset=gsm8k source=586 seed=17
official-pilot group=5/168 dataset=gsm8k source=1010 seed=17
official-pilot group=6/168 dataset=gsm8k source=12 seed=17
official-pilot group=7/168 dataset=gsm8k source=904 seed=17
official-pilot group=8/168 dataset=gsm8k source=130 seed=17
official-pilot group=9/168 dataset=math500 source=221 seed=17
official-pilot group=10/168 dataset=math500 source=434 seed=17
official-pilot group=11/168 dataset=math500 source=109 seed=17
official-pilot group=12/168 dataset=math500 source=334 seed=17
official-pilot group=13/168 dataset=math500 source=375 seed=17
official-pilot group=14/168 dataset=math500 source=71 seed=17
official-pilot group=15/168 dataset=math500 source=378 seed=17
official-pilot group=16/168 dataset=math500 source=205 seed=17
official-pilot group=17/168 dataset=aime25 source=1 seed=17
official-pilot group=18/168 dataset=aime25 source=2 seed=17
official-pilot group=19/168 dataset=aime25 source=3 seed=17
official-pilot group=20/168 dataset=aime25 source=4 seed=17
official-pilot group=21/168 dataset=aime25 source=5 seed=17
official-pilot group=22/168 dataset=aime25 source=6 seed=17
official-pilot group=23/168 dataset=aime25 source=7 seed=17
official-pilot group=24/168 dataset=aime25 source=8 seed=17
official-pilot group=25/168 dataset=humaneval source=HumanEval/0 seed=17
official-pilot group=26/168 dataset=humaneval source=HumanEval/1 seed=17
official-pilot group=27/168 dataset=humaneval source=HumanEval/2 seed=17
official-pilot group=28/168 dataset=humaneval source=HumanEval/3 seed=17
official-pilot group=29/168 dataset=humaneval source=HumanEval/4 seed=17
official-pilot group=30/168 dataset=humaneval source=HumanEval/5 seed=17
official-pilot group=31/168 dataset=humaneval source=HumanEval/6 seed=17
official-pilot group=32/168 dataset=humaneval source=HumanEval/7 seed=17
official-pilot group=33/168 dataset=mbpp source=232 seed=17
official-pilot group=34/168 dataset=mbpp source=445 seed=17
official-pilot group=35/168 dataset=mbpp source=120 seed=17
official-pilot group=36/168 dataset=mbpp source=345 seed=17
official-pilot group=37/168 dataset=mbpp source=386 seed=17
official-pilot group=38/168 dataset=mbpp source=82 seed=17
official-pilot group=39/168 dataset=mbpp source=389 seed=17
official-pilot group=40/168 dataset=mbpp source=216 seed=17
official-pilot group=41/168 dataset=livecodebench source=atcoder:abc305_a seed=17
official-pilot group=42/168 dataset=livecodebench source=atcoder:abc356_b seed=17
official-pilot group=43/168 dataset=livecodebench source=atcoder:abc369_e seed=17
official-pilot group=44/168 dataset=livecodebench source=atcoder:abc377_c seed=17
official-pilot group=45/168 dataset=livecodebench source=atcoder:abc325_a seed=17
official-pilot group=46/168 dataset=livecodebench source=atcoder:abc364_b seed=17
official-pilot group=47/168 dataset=livecodebench source=atcoder:abc327_b seed=17
official-pilot group=48/168 dataset=livecodebench source=codeforces:1899_A seed=17
official-pilot group=49/168 dataset=mt-bench source=81 seed=17
official-pilot group=50/168 dataset=mt-bench source=82 seed=17
official-pilot group=51/168 dataset=mt-bench source=83 seed=17
official-pilot group=52/168 dataset=mt-bench source=84 seed=17
official-pilot group=53/168 dataset=mt-bench source=85 seed=17
official-pilot group=54/168 dataset=mt-bench source=86 seed=17
official-pilot group=55/168 dataset=mt-bench source=87 seed=17
official-pilot group=56/168 dataset=mt-bench source=88 seed=17
official-pilot group=57/168 dataset=gsm8k source=264 seed=29
official-pilot group=58/168 dataset=gsm8k source=725 seed=29
official-pilot group=59/168 dataset=gsm8k source=996 seed=29
official-pilot group=60/168 dataset=gsm8k source=586 seed=29
official-pilot group=61/168 dataset=gsm8k source=1010 seed=29
official-pilot group=62/168 dataset=gsm8k source=12 seed=29
official-pilot group=63/168 dataset=gsm8k source=904 seed=29
official-pilot group=64/168 dataset=gsm8k source=130 seed=29
official-pilot group=65/168 dataset=math500 source=221 seed=29
official-pilot group=66/168 dataset=math500 source=434 seed=29
official-pilot group=67/168 dataset=math500 source=109 seed=29
official-pilot group=68/168 dataset=math500 source=334 seed=29
official-pilot group=69/168 dataset=math500 source=375 seed=29
official-pilot group=70/168 dataset=math500 source=71 seed=29
official-pilot group=71/168 dataset=math500 source=378 seed=29
official-pilot group=72/168 dataset=math500 source=205 seed=29
official-pilot group=73/168 dataset=aime25 source=1 seed=29
official-pilot group=74/168 dataset=aime25 source=2 seed=29
official-pilot group=75/168 dataset=aime25 source=3 seed=29
official-pilot group=76/168 dataset=aime25 source=4 seed=29
official-pilot group=77/168 dataset=aime25 source=5 seed=29
official-pilot group=78/168 dataset=aime25 source=6 seed=29
official-pilot group=79/168 dataset=aime25 source=7 seed=29
official-pilot group=80/168 dataset=aime25 source=8 seed=29
official-pilot group=81/168 dataset=humaneval source=HumanEval/0 seed=29
official-pilot group=82/168 dataset=humaneval source=HumanEval/1 seed=29
official-pilot group=83/168 dataset=humaneval source=HumanEval/2 seed=29
official-pilot group=84/168 dataset=humaneval source=HumanEval/3 seed=29
official-pilot group=85/168 dataset=humaneval source=HumanEval/4 seed=29
official-pilot group=86/168 dataset=humaneval source=HumanEval/5 seed=29
official-pilot group=87/168 dataset=humaneval source=HumanEval/6 seed=29
official-pilot group=88/168 dataset=humaneval source=HumanEval/7 seed=29
official-pilot group=89/168 dataset=mbpp source=232 seed=29
official-pilot group=90/168 dataset=mbpp source=445 seed=29
official-pilot group=91/168 dataset=mbpp source=120 seed=29
official-pilot group=92/168 dataset=mbpp source=345 seed=29
official-pilot group=93/168 dataset=mbpp source=386 seed=29
official-pilot group=94/168 dataset=mbpp source=82 seed=29
official-pilot group=95/168 dataset=mbpp source=389 seed=29
official-pilot group=96/168 dataset=mbpp source=216 seed=29
official-pilot group=97/168 dataset=livecodebench source=atcoder:abc305_a seed=29
official-pilot group=98/168 dataset=livecodebench source=atcoder:abc356_b seed=29
official-pilot group=99/168 dataset=livecodebench source=atcoder:abc369_e seed=29
official-pilot group=100/168 dataset=livecodebench source=atcoder:abc377_c seed=29
official-pilot group=101/168 dataset=livecodebench source=atcoder:abc325_a seed=29
official-pilot group=102/168 dataset=livecodebench source=atcoder:abc364_b seed=29
official-pilot group=103/168 dataset=livecodebench source=atcoder:abc327_b seed=29
official-pilot group=104/168 dataset=livecodebench source=codeforces:1899_A seed=29
official-pilot group=105/168 dataset=mt-bench source=81 seed=29
official-pilot group=106/168 dataset=mt-bench source=82 seed=29
official-pilot group=107/168 dataset=mt-bench source=83 seed=29
official-pilot group=108/168 dataset=mt-bench source=84 seed=29
official-pilot group=109/168 dataset=mt-bench source=85 seed=29
official-pilot group=110/168 dataset=mt-bench source=86 seed=29
official-pilot group=111/168 dataset=mt-bench source=87 seed=29
official-pilot group=112/168 dataset=mt-bench source=88 seed=29
official-pilot group=113/168 dataset=gsm8k source=264 seed=43
official-pilot group=114/168 dataset=gsm8k source=725 seed=43
official-pilot group=115/168 dataset=gsm8k source=996 seed=43
official-pilot group=116/168 dataset=gsm8k source=586 seed=43
official-pilot group=117/168 dataset=gsm8k source=1010 seed=43
official-pilot group=118/168 dataset=gsm8k source=12 seed=43
official-pilot group=119/168 dataset=gsm8k source=904 seed=43
official-pilot group=120/168 dataset=gsm8k source=130 seed=43
official-pilot group=121/168 dataset=math500 source=221 seed=43
official-pilot group=122/168 dataset=math500 source=434 seed=43
official-pilot group=123/168 dataset=math500 source=109 seed=43
official-pilot group=124/168 dataset=math500 source=334 seed=43
official-pilot group=125/168 dataset=math500 source=375 seed=43
official-pilot group=126/168 dataset=math500 source=71 seed=43
official-pilot group=127/168 dataset=math500 source=378 seed=43
official-pilot group=128/168 dataset=math500 source=205 seed=43
official-pilot group=129/168 dataset=aime25 source=1 seed=43
official-pilot group=130/168 dataset=aime25 source=2 seed=43
official-pilot group=131/168 dataset=aime25 source=3 seed=43
official-pilot group=132/168 dataset=aime25 source=4 seed=43
official-pilot group=133/168 dataset=aime25 source=5 seed=43
official-pilot group=134/168 dataset=aime25 source=6 seed=43
official-pilot group=135/168 dataset=aime25 source=7 seed=43
official-pilot group=136/168 dataset=aime25 source=8 seed=43
official-pilot group=137/168 dataset=humaneval source=HumanEval/0 seed=43
official-pilot group=138/168 dataset=humaneval source=HumanEval/1 seed=43
official-pilot group=139/168 dataset=humaneval source=HumanEval/2 seed=43
official-pilot group=140/168 dataset=humaneval source=HumanEval/3 seed=43
official-pilot group=141/168 dataset=humaneval source=HumanEval/4 seed=43
official-pilot group=142/168 dataset=humaneval source=HumanEval/5 seed=43
official-pilot group=143/168 dataset=humaneval source=HumanEval/6 seed=43
official-pilot group=144/168 dataset=humaneval source=HumanEval/7 seed=43
official-pilot group=145/168 dataset=mbpp source=232 seed=43
official-pilot group=146/168 dataset=mbpp source=445 seed=43
official-pilot group=147/168 dataset=mbpp source=120 seed=43
official-pilot group=148/168 dataset=mbpp source=345 seed=43
official-pilot group=149/168 dataset=mbpp source=386 seed=43
official-pilot group=150/168 dataset=mbpp source=82 seed=43
official-pilot group=151/168 dataset=mbpp source=389 seed=43
official-pilot group=152/168 dataset=mbpp source=216 seed=43
official-pilot group=153/168 dataset=livecodebench source=atcoder:abc305_a seed=43
official-pilot group=154/168 dataset=livecodebench source=atcoder:abc356_b seed=43
official-pilot group=155/168 dataset=livecodebench source=atcoder:abc369_e seed=43
official-pilot group=156/168 dataset=livecodebench source=atcoder:abc377_c seed=43
official-pilot group=157/168 dataset=livecodebench source=atcoder:abc325_a seed=43
official-pilot group=158/168 dataset=livecodebench source=atcoder:abc364_b seed=43
official-pilot group=159/168 dataset=livecodebench source=atcoder:abc327_b seed=43
official-pilot group=160/168 dataset=livecodebench source=codeforces:1899_A seed=43
official-pilot group=161/168 dataset=mt-bench source=81 seed=43
official-pilot group=162/168 dataset=mt-bench source=82 seed=43
official-pilot group=163/168 dataset=mt-bench source=83 seed=43
official-pilot group=164/168 dataset=mt-bench source=84 seed=43
official-pilot group=165/168 dataset=mt-bench source=85 seed=43
official-pilot group=166/168 dataset=mt-bench source=86 seed=43
official-pilot group=167/168 dataset=mt-bench source=87 seed=43
official-pilot group=168/168 dataset=mt-bench source=88 seed=43
{'gate_passed': True, 'formal_complete': False, 'comparisons': {'ddtree': {'candidate': 'tree_block_verification', 'baseline': 'ddtree', 'metric': 'equal_dataset_geomean_decode_speedup', 'speedup': 1.025328470023958, 'ci95': [1.007531418478613, 1.0436599776391835], 'per_dataset': {'gsm8k': 1.020520587415719, 'math500': 1.0305464776860325, 'aime25': 1.06256896864459, 'humaneval': 1.0040776110783056, 'mbpp': 1.0188040508895724, 'livecodebench': 1.0268771325165318, 'mt-bench': 1.0148882024798729}, 'source_clusters_per_dataset': {'gsm8k': 8, 'math500': 8, 'aime25': 8, 'humaneval': 8, 'mbpp': 8, 'livecodebench': 8, 'mt-bench': 8}, 'seeds_per_source': 3, 'bootstrap_samples': 10000}, 'dflash': {'candidate': 'tree_block_verification', 'baseline': 'dflash', 'metric': 'equal_dataset_geomean_decode_speedup', 'speedup': 1.2016797249481965, 'ci95': [1.1684744406132235, 1.2361334222590494], 'per_dataset': {'gsm8k': 1.154575341284758, 'math500': 1.2275818151486517, 'aime25': 1.2375646116240528, 'humaneval': 1.214335067597337, 'mbpp': 1.0722347237827459, 'livecodebench': 1.1525355291343637, 'mt-bench': 1.3746679364211816}, 'source_clusters_per_dataset': {'gsm8k': 8, 'math500': 8, 'aime25': 8, 'humaneval': 8, 'mbpp': 8, 'livecodebench': 8, 'mt-bench': 8}, 'seeds_per_source': 3, 'bootstrap_samples': 10000}}, 'baseline_sanity': {'candidate': 'ddtree', 'baseline': 'dflash', 'metric': 'equal_dataset_geomean_decode_speedup', 'speedup': 1.1719948875701443, 'ci95': [1.1383545136828095, 1.207198952565798], 'per_dataset': {'gsm8k': 1.1313591862056482, 'math500': 1.1911950035529095, 'aime25': 1.164691091254704, 'humaneval': 1.2094035901201208, 'mbpp': 1.0524445037753043, 'livecodebench': 1.122369456518995, 'mt-bench': 1.354501838785976}, 'source_clusters_per_dataset': {'gsm8k': 8, 'math500': 8, 'aime25': 8, 'humaneval': 8, 'mbpp': 8, 'livecodebench': 8, 'mt-bench': 8}, 'seeds_per_source': 3, 'bootstrap_samples': 10000}, 'aggregate': {'dflash': {'records': 168, 'decode_tokens': 37468, 'decode_ms': 289174.76297169924, 'tokens_per_second': 129.56870653220486, 'mean_accepted_draft_tokens_per_round': 3.3168631006346327, 'mean_committed_tokens_per_round': 4.246146872166817, 'rounds': 8824}, 'ddtree': {'records': 168, 'decode_tokens': 37644, 'decode_ms': 235348.61730784178, 'tokens_per_second': 159.94995182300443, 'mean_accepted_draft_tokens_per_round': 4.8238334093327255, 'mean_committed_tokens_per_round': 5.721842225262198, 'rounds': 6579}, 'tree_block_verification': {'records': 168, 'decode_tokens': 37627, 'decode_ms': 229451.78860798478, 'tokens_per_second': 163.98651859840243, 'mean_accepted_draft_tokens_per_round': 4.814809183518322, 'mean_committed_tokens_per_round': 5.720997415234909, 'rounds': 6577}}, 'records': 504, 'paired_groups': 168, 'telemetry_end': {'utc': '2026-09-09T16:12:39.990447+00:00', 'hostname': 'autodl-container-26d148a435-8171fde0', 'pid': 9430, 'slurm_job_id': None, 'gpu_uuid': 'b32e1465-06c0-9da4-928e-ca196f12f2cf', 'nvidia_smi': 'GPU-b32e1465-06c0-9da4-928e-ca196f12f2cf, NVIDIA H20, P0, 40, 174.24 W, 1980 MHz, 2619 MHz, 9987 MiB, 5 %'}, 'decision': 'proceed_to_full_registered_suite'}
