W0909 23:35:26.251000 8152 site-packages/torch/utils/cpp_extension.py:2425] TORCH_CUDA_ARCH_LIST is not set, all archs for visible cards are included for compilation. 
W0909 23:35:26.251000 8152 site-packages/torch/utils/cpp_extension.py:2425] If this is not desired, please set os.environ['TORCH_CUDA_ARCH_LIST'] to specific architectures.
`torch_dtype` is deprecated! Use `dtype` instead!
Loading checkpoint shards:   0%|          | 0/3 [00:00<?, ?it/s]Loading checkpoint shards: 100%|██████████| 3/3 [00:00<00:00, 90.96it/s]
`torch_dtype` is deprecated! Use `dtype` instead!
same-tree state=1/12 repeat=1/7 method=fused_scan ms=0.572838
same-tree state=1/12 repeat=1/7 method=ddtree ms=1.351860
same-tree state=1/12 repeat=2/7 method=fused_scan ms=0.573720
same-tree state=1/12 repeat=2/7 method=ddtree ms=1.320660
same-tree state=1/12 repeat=3/7 method=ddtree ms=1.319591
same-tree state=1/12 repeat=3/7 method=fused_scan ms=0.593779
same-tree state=1/12 repeat=4/7 method=fused_scan ms=0.572480
same-tree state=1/12 repeat=4/7 method=ddtree ms=1.320696
same-tree state=1/12 repeat=5/7 method=fused_scan ms=0.574691
same-tree state=1/12 repeat=5/7 method=ddtree ms=1.320852
same-tree state=1/12 repeat=6/7 method=fused_scan ms=0.588673
same-tree state=1/12 repeat=6/7 method=ddtree ms=1.320477
same-tree state=1/12 repeat=7/7 method=ddtree ms=1.319845
same-tree state=1/12 repeat=7/7 method=fused_scan ms=0.574197
same-tree state=2/12 repeat=1/7 method=ddtree ms=1.322362
same-tree state=2/12 repeat=1/7 method=fused_scan ms=0.392672
same-tree state=2/12 repeat=2/7 method=ddtree ms=1.319529
same-tree state=2/12 repeat=2/7 method=fused_scan ms=0.391802
same-tree state=2/12 repeat=3/7 method=fused_scan ms=0.390893
same-tree state=2/12 repeat=3/7 method=ddtree ms=1.322285
same-tree state=2/12 repeat=4/7 method=fused_scan ms=0.392910
same-tree state=2/12 repeat=4/7 method=ddtree ms=1.319897
same-tree state=2/12 repeat=5/7 method=fused_scan ms=0.392289
same-tree state=2/12 repeat=5/7 method=ddtree ms=1.319711
same-tree state=2/12 repeat=6/7 method=ddtree ms=1.318757
same-tree state=2/12 repeat=6/7 method=fused_scan ms=0.392237
same-tree state=2/12 repeat=7/7 method=fused_scan ms=0.400253
same-tree state=2/12 repeat=7/7 method=ddtree ms=1.319998
same-tree state=3/12 repeat=1/7 method=fused_scan ms=0.270629
same-tree state=3/12 repeat=1/7 method=ddtree ms=1.319613
same-tree state=3/12 repeat=2/7 method=fused_scan ms=0.272252
same-tree state=3/12 repeat=2/7 method=ddtree ms=1.319570
same-tree state=3/12 repeat=3/7 method=fused_scan ms=0.273042
same-tree state=3/12 repeat=3/7 method=ddtree ms=1.319992
same-tree state=3/12 repeat=4/7 method=ddtree ms=1.319767
same-tree state=3/12 repeat=4/7 method=fused_scan ms=0.271351
same-tree state=3/12 repeat=5/7 method=fused_scan ms=0.271387
same-tree state=3/12 repeat=5/7 method=ddtree ms=1.320005
same-tree state=3/12 repeat=6/7 method=fused_scan ms=0.274160
same-tree state=3/12 repeat=6/7 method=ddtree ms=1.319286
same-tree state=3/12 repeat=7/7 method=fused_scan ms=0.271685
same-tree state=3/12 repeat=7/7 method=ddtree ms=1.320240
same-tree state=4/12 repeat=1/7 method=ddtree ms=1.319946
same-tree state=4/12 repeat=1/7 method=fused_scan ms=0.327141
same-tree state=4/12 repeat=2/7 method=ddtree ms=1.319445
same-tree state=4/12 repeat=2/7 method=fused_scan ms=0.324806
same-tree state=4/12 repeat=3/7 method=fused_scan ms=0.328168
same-tree state=4/12 repeat=3/7 method=ddtree ms=1.319993
same-tree state=4/12 repeat=4/7 method=ddtree ms=1.319707
same-tree state=4/12 repeat=4/7 method=fused_scan ms=0.327117
same-tree state=4/12 repeat=5/7 method=fused_scan ms=0.327046
same-tree state=4/12 repeat=5/7 method=ddtree ms=1.320107
same-tree state=4/12 repeat=6/7 method=fused_scan ms=0.327831
same-tree state=4/12 repeat=6/7 method=ddtree ms=1.320001
same-tree state=4/12 repeat=7/7 method=ddtree ms=1.318996
same-tree state=4/12 repeat=7/7 method=fused_scan ms=0.326487
same-tree state=5/12 repeat=1/7 method=ddtree ms=1.322154
same-tree state=5/12 repeat=1/7 method=fused_scan ms=1.077274
same-tree state=5/12 repeat=2/7 method=ddtree ms=1.322686
same-tree state=5/12 repeat=2/7 method=fused_scan ms=1.080872
same-tree state=5/12 repeat=3/7 method=ddtree ms=1.321899
same-tree state=5/12 repeat=3/7 method=fused_scan ms=1.080230
same-tree state=5/12 repeat=4/7 method=fused_scan ms=1.075964
same-tree state=5/12 repeat=4/7 method=ddtree ms=1.322292
same-tree state=5/12 repeat=5/7 method=ddtree ms=1.321425
same-tree state=5/12 repeat=5/7 method=fused_scan ms=1.073711
same-tree state=5/12 repeat=6/7 method=ddtree ms=1.322147
same-tree state=5/12 repeat=6/7 method=fused_scan ms=1.082959
same-tree state=5/12 repeat=7/7 method=ddtree ms=1.323089
same-tree state=5/12 repeat=7/7 method=fused_scan ms=1.081428
same-tree state=6/12 repeat=1/7 method=ddtree ms=1.320317
same-tree state=6/12 repeat=1/7 method=fused_scan ms=0.480304
same-tree state=6/12 repeat=2/7 method=ddtree ms=1.321572
same-tree state=6/12 repeat=2/7 method=fused_scan ms=0.494580
same-tree state=6/12 repeat=3/7 method=fused_scan ms=0.509714
same-tree state=6/12 repeat=3/7 method=ddtree ms=1.320408
same-tree state=6/12 repeat=4/7 method=fused_scan ms=0.517531
same-tree state=6/12 repeat=4/7 method=ddtree ms=1.320633
same-tree state=6/12 repeat=5/7 method=ddtree ms=1.320944
same-tree state=6/12 repeat=5/7 method=fused_scan ms=0.496765
same-tree state=6/12 repeat=6/7 method=ddtree ms=1.320322
same-tree state=6/12 repeat=6/7 method=fused_scan ms=0.496740
same-tree state=6/12 repeat=7/7 method=fused_scan ms=0.495789
same-tree state=6/12 repeat=7/7 method=ddtree ms=1.320342
same-tree state=7/12 repeat=1/7 method=fused_scan ms=0.876663
same-tree state=7/12 repeat=1/7 method=ddtree ms=1.322038
same-tree state=7/12 repeat=2/7 method=ddtree ms=1.321735
same-tree state=7/12 repeat=2/7 method=fused_scan ms=0.909798
same-tree state=7/12 repeat=3/7 method=fused_scan ms=0.916922
same-tree state=7/12 repeat=3/7 method=ddtree ms=1.337780
same-tree state=7/12 repeat=4/7 method=fused_scan ms=0.872870
same-tree state=7/12 repeat=4/7 method=ddtree ms=1.322052
same-tree state=7/12 repeat=5/7 method=fused_scan ms=0.894357
same-tree state=7/12 repeat=5/7 method=ddtree ms=1.321677
same-tree state=7/12 repeat=6/7 method=fused_scan ms=0.911387
same-tree state=7/12 repeat=6/7 method=ddtree ms=1.322054
same-tree state=7/12 repeat=7/7 method=ddtree ms=1.320600
same-tree state=7/12 repeat=7/7 method=fused_scan ms=0.874312
same-tree state=8/12 repeat=1/7 method=fused_scan ms=0.921653
same-tree state=8/12 repeat=1/7 method=ddtree ms=1.332045
same-tree state=8/12 repeat=2/7 method=fused_scan ms=0.922889
same-tree state=8/12 repeat=2/7 method=ddtree ms=1.321236
same-tree state=8/12 repeat=3/7 method=ddtree ms=1.322288
same-tree state=8/12 repeat=3/7 method=fused_scan ms=0.922789
same-tree state=8/12 repeat=4/7 method=ddtree ms=1.321585
same-tree state=8/12 repeat=4/7 method=fused_scan ms=0.929281
same-tree state=8/12 repeat=5/7 method=fused_scan ms=0.922377
same-tree state=8/12 repeat=5/7 method=ddtree ms=1.322727
same-tree state=8/12 repeat=6/7 method=ddtree ms=1.320663
same-tree state=8/12 repeat=6/7 method=fused_scan ms=0.923696
same-tree state=8/12 repeat=7/7 method=ddtree ms=1.321840
same-tree state=8/12 repeat=7/7 method=fused_scan ms=0.924499
same-tree state=9/12 repeat=1/7 method=fused_scan ms=0.538629
same-tree state=9/12 repeat=1/7 method=ddtree ms=1.321038
same-tree state=9/12 repeat=2/7 method=fused_scan ms=0.545072
same-tree state=9/12 repeat=2/7 method=ddtree ms=1.320332
same-tree state=9/12 repeat=3/7 method=fused_scan ms=0.540505
same-tree state=9/12 repeat=3/7 method=ddtree ms=1.320554
same-tree state=9/12 repeat=4/7 method=ddtree ms=1.320878
same-tree state=9/12 repeat=4/7 method=fused_scan ms=0.542787
same-tree state=9/12 repeat=5/7 method=fused_scan ms=0.537643
same-tree state=9/12 repeat=5/7 method=ddtree ms=1.320929
same-tree state=9/12 repeat=6/7 method=fused_scan ms=0.543363
same-tree state=9/12 repeat=6/7 method=ddtree ms=1.320456
same-tree state=9/12 repeat=7/7 method=fused_scan ms=0.530973
same-tree state=9/12 repeat=7/7 method=ddtree ms=1.320579
same-tree state=10/12 repeat=1/7 method=fused_scan ms=0.405236
same-tree state=10/12 repeat=1/7 method=ddtree ms=1.320294
same-tree state=10/12 repeat=2/7 method=ddtree ms=1.318705
same-tree state=10/12 repeat=2/7 method=fused_scan ms=0.397407
same-tree state=10/12 repeat=3/7 method=ddtree ms=1.319628
same-tree state=10/12 repeat=3/7 method=fused_scan ms=0.397868
same-tree state=10/12 repeat=4/7 method=ddtree ms=1.319475
same-tree state=10/12 repeat=4/7 method=fused_scan ms=0.409230
same-tree state=10/12 repeat=5/7 method=fused_scan ms=0.406456
same-tree state=10/12 repeat=5/7 method=ddtree ms=1.322731
same-tree state=10/12 repeat=6/7 method=ddtree ms=1.318634
same-tree state=10/12 repeat=6/7 method=fused_scan ms=0.414457
same-tree state=10/12 repeat=7/7 method=ddtree ms=1.320403
same-tree state=10/12 repeat=7/7 method=fused_scan ms=0.405705
same-tree state=11/12 repeat=1/7 method=ddtree ms=1.318863
same-tree state=11/12 repeat=1/7 method=fused_scan ms=0.270768
same-tree state=11/12 repeat=2/7 method=ddtree ms=1.319135
same-tree state=11/12 repeat=2/7 method=fused_scan ms=0.273764
same-tree state=11/12 repeat=3/7 method=ddtree ms=1.319513
same-tree state=11/12 repeat=3/7 method=fused_scan ms=0.268082
same-tree state=11/12 repeat=4/7 method=ddtree ms=1.318549
same-tree state=11/12 repeat=4/7 method=fused_scan ms=0.275151
same-tree state=11/12 repeat=5/7 method=ddtree ms=1.318884
same-tree state=11/12 repeat=5/7 method=fused_scan ms=0.274548
same-tree state=11/12 repeat=6/7 method=fused_scan ms=0.266632
same-tree state=11/12 repeat=6/7 method=ddtree ms=1.319289
same-tree state=11/12 repeat=7/7 method=fused_scan ms=0.268006
same-tree state=11/12 repeat=7/7 method=ddtree ms=1.320666
same-tree state=12/12 repeat=1/7 method=ddtree ms=1.320348
same-tree state=12/12 repeat=1/7 method=fused_scan ms=0.296408
same-tree state=12/12 repeat=2/7 method=ddtree ms=1.320478
same-tree state=12/12 repeat=2/7 method=fused_scan ms=0.304361
same-tree state=12/12 repeat=3/7 method=fused_scan ms=0.303011
same-tree state=12/12 repeat=3/7 method=ddtree ms=1.319804
same-tree state=12/12 repeat=4/7 method=ddtree ms=1.342264
same-tree state=12/12 repeat=4/7 method=fused_scan ms=0.300434
same-tree state=12/12 repeat=5/7 method=ddtree ms=1.319880
same-tree state=12/12 repeat=5/7 method=fused_scan ms=0.299955
same-tree state=12/12 repeat=6/7 method=ddtree ms=1.319489
same-tree state=12/12 repeat=6/7 method=fused_scan ms=0.300498
same-tree state=12/12 repeat=7/7 method=ddtree ms=1.319710
same-tree state=12/12 repeat=7/7 method=fused_scan ms=0.304189
{'metric': 'same_real_tree_ddtree_verifier_speedup', 'speedup': 2.736974476889627, 'ci95': [2.0939087673953756, 3.5508462025344762], 'state_clusters': 12, 'bootstrap_samples': 10000, 'gate_passed': True}
