W0909 23:55:17.078000 9088 site-packages/torch/utils/cpp_extension.py:2425] TORCH_CUDA_ARCH_LIST is not set, all archs for visible cards are included for compilation. 
W0909 23:55:17.078000 9088 site-packages/torch/utils/cpp_extension.py:2425] If this is not desired, please set os.environ['TORCH_CUDA_ARCH_LIST'] to specific architectures.
`torch_dtype` is deprecated! Use `dtype` instead!
Loading checkpoint shards:   0%|          | 0/3 [00:00<?, ?it/s]Loading checkpoint shards: 100%|██████████| 3/3 [00:00<00:00, 92.14it/s]
`torch_dtype` is deprecated! Use `dtype` instead!
same-tree state=1/12 repeat=1/7 method=fused_scan ms=0.546846
same-tree state=1/12 repeat=1/7 method=ddtree ms=1.323477
same-tree state=1/12 repeat=2/7 method=fused_scan ms=0.521225
same-tree state=1/12 repeat=2/7 method=ddtree ms=1.322741
same-tree state=1/12 repeat=3/7 method=ddtree ms=1.322116
same-tree state=1/12 repeat=3/7 method=fused_scan ms=0.518009
same-tree state=1/12 repeat=4/7 method=fused_scan ms=0.516288
same-tree state=1/12 repeat=4/7 method=ddtree ms=1.322882
same-tree state=1/12 repeat=5/7 method=fused_scan ms=0.517704
same-tree state=1/12 repeat=5/7 method=ddtree ms=1.323818
same-tree state=1/12 repeat=6/7 method=fused_scan ms=0.518985
same-tree state=1/12 repeat=6/7 method=ddtree ms=1.322925
same-tree state=1/12 repeat=7/7 method=ddtree ms=1.321936
same-tree state=1/12 repeat=7/7 method=fused_scan ms=0.518024
same-tree state=2/12 repeat=1/7 method=ddtree ms=1.321710
same-tree state=2/12 repeat=1/7 method=fused_scan ms=0.341984
same-tree state=2/12 repeat=2/7 method=ddtree ms=1.321297
same-tree state=2/12 repeat=2/7 method=fused_scan ms=0.341502
same-tree state=2/12 repeat=3/7 method=fused_scan ms=0.340473
same-tree state=2/12 repeat=3/7 method=ddtree ms=1.322894
same-tree state=2/12 repeat=4/7 method=fused_scan ms=0.341749
same-tree state=2/12 repeat=4/7 method=ddtree ms=1.321635
same-tree state=2/12 repeat=5/7 method=fused_scan ms=0.341704
same-tree state=2/12 repeat=5/7 method=ddtree ms=1.321843
same-tree state=2/12 repeat=6/7 method=ddtree ms=1.320262
same-tree state=2/12 repeat=6/7 method=fused_scan ms=0.341402
same-tree state=2/12 repeat=7/7 method=fused_scan ms=0.340893
same-tree state=2/12 repeat=7/7 method=ddtree ms=1.340469
same-tree state=3/12 repeat=1/7 method=fused_scan ms=0.250378
same-tree state=3/12 repeat=1/7 method=ddtree ms=1.322208
same-tree state=3/12 repeat=2/7 method=fused_scan ms=0.253327
same-tree state=3/12 repeat=2/7 method=ddtree ms=1.322259
same-tree state=3/12 repeat=3/7 method=fused_scan ms=0.251362
same-tree state=3/12 repeat=3/7 method=ddtree ms=1.322147
same-tree state=3/12 repeat=4/7 method=ddtree ms=1.321663
same-tree state=3/12 repeat=4/7 method=fused_scan ms=0.250603
same-tree state=3/12 repeat=5/7 method=fused_scan ms=0.250809
same-tree state=3/12 repeat=5/7 method=ddtree ms=1.332354
same-tree state=3/12 repeat=6/7 method=fused_scan ms=0.251470
same-tree state=3/12 repeat=6/7 method=ddtree ms=1.322084
same-tree state=3/12 repeat=7/7 method=fused_scan ms=0.252400
same-tree state=3/12 repeat=7/7 method=ddtree ms=1.322056
same-tree state=4/12 repeat=1/7 method=ddtree ms=1.320875
same-tree state=4/12 repeat=1/7 method=fused_scan ms=0.328581
same-tree state=4/12 repeat=2/7 method=ddtree ms=1.321970
same-tree state=4/12 repeat=2/7 method=fused_scan ms=0.355725
same-tree state=4/12 repeat=3/7 method=fused_scan ms=0.327865
same-tree state=4/12 repeat=3/7 method=ddtree ms=1.322444
same-tree state=4/12 repeat=4/7 method=ddtree ms=1.321628
same-tree state=4/12 repeat=4/7 method=fused_scan ms=0.328722
same-tree state=4/12 repeat=5/7 method=fused_scan ms=0.328577
same-tree state=4/12 repeat=5/7 method=ddtree ms=1.321891
same-tree state=4/12 repeat=6/7 method=fused_scan ms=0.328828
same-tree state=4/12 repeat=6/7 method=ddtree ms=1.322087
same-tree state=4/12 repeat=7/7 method=ddtree ms=1.348038
same-tree state=4/12 repeat=7/7 method=fused_scan ms=0.328025
same-tree state=5/12 repeat=1/7 method=ddtree ms=1.323888
same-tree state=5/12 repeat=1/7 method=fused_scan ms=0.984812
same-tree state=5/12 repeat=2/7 method=ddtree ms=1.324262
same-tree state=5/12 repeat=2/7 method=fused_scan ms=0.990583
same-tree state=5/12 repeat=3/7 method=ddtree ms=1.323835
same-tree state=5/12 repeat=3/7 method=fused_scan ms=0.988333
same-tree state=5/12 repeat=4/7 method=fused_scan ms=0.990972
same-tree state=5/12 repeat=4/7 method=ddtree ms=1.321872
same-tree state=5/12 repeat=5/7 method=ddtree ms=1.320253
same-tree state=5/12 repeat=5/7 method=fused_scan ms=0.984048
same-tree state=5/12 repeat=6/7 method=ddtree ms=1.321519
same-tree state=5/12 repeat=6/7 method=fused_scan ms=0.987744
same-tree state=5/12 repeat=7/7 method=ddtree ms=1.328767
same-tree state=5/12 repeat=7/7 method=fused_scan ms=0.988424
same-tree state=6/12 repeat=1/7 method=ddtree ms=1.319913
same-tree state=6/12 repeat=1/7 method=fused_scan ms=0.466919
same-tree state=6/12 repeat=2/7 method=ddtree ms=1.320326
same-tree state=6/12 repeat=2/7 method=fused_scan ms=0.479214
same-tree state=6/12 repeat=3/7 method=fused_scan ms=0.494580
same-tree state=6/12 repeat=3/7 method=ddtree ms=1.320490
same-tree state=6/12 repeat=4/7 method=fused_scan ms=0.501902
same-tree state=6/12 repeat=4/7 method=ddtree ms=1.325914
same-tree state=6/12 repeat=5/7 method=ddtree ms=1.319511
same-tree state=6/12 repeat=5/7 method=fused_scan ms=0.483890
same-tree state=6/12 repeat=6/7 method=ddtree ms=1.319857
same-tree state=6/12 repeat=6/7 method=fused_scan ms=0.482895
same-tree state=6/12 repeat=7/7 method=fused_scan ms=0.480116
same-tree state=6/12 repeat=7/7 method=ddtree ms=1.320668
same-tree state=7/12 repeat=1/7 method=fused_scan ms=0.852206
same-tree state=7/12 repeat=1/7 method=ddtree ms=1.322259
same-tree state=7/12 repeat=2/7 method=ddtree ms=1.323812
same-tree state=7/12 repeat=2/7 method=fused_scan ms=0.884634
same-tree state=7/12 repeat=3/7 method=fused_scan ms=0.891228
same-tree state=7/12 repeat=3/7 method=ddtree ms=1.322924
same-tree state=7/12 repeat=4/7 method=fused_scan ms=0.848854
same-tree state=7/12 repeat=4/7 method=ddtree ms=1.322059
same-tree state=7/12 repeat=5/7 method=fused_scan ms=0.870107
same-tree state=7/12 repeat=5/7 method=ddtree ms=1.323371
same-tree state=7/12 repeat=6/7 method=fused_scan ms=0.862016
same-tree state=7/12 repeat=6/7 method=ddtree ms=1.324058
same-tree state=7/12 repeat=7/7 method=ddtree ms=1.320945
same-tree state=7/12 repeat=7/7 method=fused_scan ms=0.853135
same-tree state=8/12 repeat=1/7 method=fused_scan ms=0.854987
same-tree state=8/12 repeat=1/7 method=ddtree ms=1.322205
same-tree state=8/12 repeat=2/7 method=fused_scan ms=0.856608
same-tree state=8/12 repeat=2/7 method=ddtree ms=1.321690
same-tree state=8/12 repeat=3/7 method=ddtree ms=1.320198
same-tree state=8/12 repeat=3/7 method=fused_scan ms=0.857835
same-tree state=8/12 repeat=4/7 method=ddtree ms=1.322179
same-tree state=8/12 repeat=4/7 method=fused_scan ms=0.856226
same-tree state=8/12 repeat=5/7 method=fused_scan ms=0.855119
same-tree state=8/12 repeat=5/7 method=ddtree ms=1.321352
same-tree state=8/12 repeat=6/7 method=ddtree ms=1.320285
same-tree state=8/12 repeat=6/7 method=fused_scan ms=0.856724
same-tree state=8/12 repeat=7/7 method=ddtree ms=1.321683
same-tree state=8/12 repeat=7/7 method=fused_scan ms=0.861408
same-tree state=9/12 repeat=1/7 method=fused_scan ms=0.522108
same-tree state=9/12 repeat=1/7 method=ddtree ms=1.319722
same-tree state=9/12 repeat=2/7 method=fused_scan ms=0.526724
same-tree state=9/12 repeat=2/7 method=ddtree ms=1.319910
same-tree state=9/12 repeat=3/7 method=fused_scan ms=0.523579
same-tree state=9/12 repeat=3/7 method=ddtree ms=1.320727
same-tree state=9/12 repeat=4/7 method=ddtree ms=1.319579
same-tree state=9/12 repeat=4/7 method=fused_scan ms=0.526448
same-tree state=9/12 repeat=5/7 method=fused_scan ms=0.521073
same-tree state=9/12 repeat=5/7 method=ddtree ms=1.339557
same-tree state=9/12 repeat=6/7 method=fused_scan ms=0.526546
same-tree state=9/12 repeat=6/7 method=ddtree ms=1.320196
same-tree state=9/12 repeat=7/7 method=fused_scan ms=0.514645
same-tree state=9/12 repeat=7/7 method=ddtree ms=1.319977
same-tree state=10/12 repeat=1/7 method=fused_scan ms=0.405878
same-tree state=10/12 repeat=1/7 method=ddtree ms=1.321580
same-tree state=10/12 repeat=2/7 method=ddtree ms=1.321230
same-tree state=10/12 repeat=2/7 method=fused_scan ms=0.398160
same-tree state=10/12 repeat=3/7 method=ddtree ms=1.321877
same-tree state=10/12 repeat=3/7 method=fused_scan ms=0.399590
same-tree state=10/12 repeat=4/7 method=ddtree ms=1.335053
same-tree state=10/12 repeat=4/7 method=fused_scan ms=0.412968
same-tree state=10/12 repeat=5/7 method=fused_scan ms=0.410469
same-tree state=10/12 repeat=5/7 method=ddtree ms=1.324869
same-tree state=10/12 repeat=6/7 method=ddtree ms=1.323420
same-tree state=10/12 repeat=6/7 method=fused_scan ms=0.417779
same-tree state=10/12 repeat=7/7 method=ddtree ms=1.323085
same-tree state=10/12 repeat=7/7 method=fused_scan ms=0.409350
same-tree state=11/12 repeat=1/7 method=ddtree ms=1.322547
same-tree state=11/12 repeat=1/7 method=fused_scan ms=0.291986
same-tree state=11/12 repeat=2/7 method=ddtree ms=1.321965
same-tree state=11/12 repeat=2/7 method=fused_scan ms=0.294357
same-tree state=11/12 repeat=3/7 method=ddtree ms=1.321380
same-tree state=11/12 repeat=3/7 method=fused_scan ms=0.289116
same-tree state=11/12 repeat=4/7 method=ddtree ms=1.327272
same-tree state=11/12 repeat=4/7 method=fused_scan ms=0.298723
same-tree state=11/12 repeat=5/7 method=ddtree ms=1.321748
same-tree state=11/12 repeat=5/7 method=fused_scan ms=0.294710
same-tree state=11/12 repeat=6/7 method=fused_scan ms=0.289442
same-tree state=11/12 repeat=6/7 method=ddtree ms=1.321767
same-tree state=11/12 repeat=7/7 method=fused_scan ms=0.291248
same-tree state=11/12 repeat=7/7 method=ddtree ms=1.321161
same-tree state=12/12 repeat=1/7 method=ddtree ms=1.320813
same-tree state=12/12 repeat=1/7 method=fused_scan ms=0.322077
same-tree state=12/12 repeat=2/7 method=ddtree ms=1.321732
same-tree state=12/12 repeat=2/7 method=fused_scan ms=0.328892
same-tree state=12/12 repeat=3/7 method=fused_scan ms=0.327530
same-tree state=12/12 repeat=3/7 method=ddtree ms=1.321818
same-tree state=12/12 repeat=4/7 method=ddtree ms=1.323032
same-tree state=12/12 repeat=4/7 method=fused_scan ms=0.325793
same-tree state=12/12 repeat=5/7 method=ddtree ms=1.321438
same-tree state=12/12 repeat=5/7 method=fused_scan ms=0.323948
same-tree state=12/12 repeat=6/7 method=ddtree ms=1.321675
same-tree state=12/12 repeat=6/7 method=fused_scan ms=0.324416
same-tree state=12/12 repeat=7/7 method=ddtree ms=1.322296
same-tree state=12/12 repeat=7/7 method=fused_scan ms=0.325380
{'metric': 'same_real_tree_ddtree_verifier_speedup', 'speedup': 2.8334835899780817, 'ci95': [2.206062962611068, 3.6143049200131854], 'state_clusters': 12, 'bootstrap_samples': 10000, 'gate_passed': True}
